This file contains any messages produced by compilers while
running configure, to aid debugging if configure makes a mistake.

It was created by c-smile configure 1.0.0, which was
generated by GNU Autoconf 2.53.  Invocation command line was

  $ ./configure 

## --------- ##
## Platform. ##
## --------- ##

hostname = serge.wcom.ca
uname -m = i686
uname -r = 2.4.7-10
uname -s = Linux
uname -v = #1 Thu Sep 6 17:27:27 EDT 2001

/usr/bin/uname -p = unknown
/bin/uname -X     = unknown

/bin/arch              = i686
/usr/bin/arch -k       = unknown
/usr/convex/getsysinfo = unknown
hostinfo               = unknown
/bin/machine           = unknown
/usr/bin/oslevel       = unknown
/bin/universe          = unknown

PATH: /usr/local/sbin
PATH: /usr/local/bin
PATH: /sbin
PATH: /bin
PATH: /usr/sbin
PATH: /usr/bin
PATH: /usr/X11R6/bin
PATH: /root/bin


## ----------- ##
## Core tests. ##
## ----------- ##

configure:1248: checking for a BSD-compatible install
configure:1302: result: /usr/bin/install -c
configure:1313: checking whether build environment is sane
configure:1356: result: yes
configure:1371: checking whether make sets ${MAKE}
configure:1391: result: yes
configure:1423: checking for working aclocal
configure:1430: result: found
configure:1438: checking for working autoconf
configure:1445: result: found
configure:1453: checking for working automake
configure:1460: result: found
configure:1468: checking for working autoheader
configure:1475: result: found
configure:1483: checking for working makeinfo
configure:1494: result: missing
configure:1558: checking for g++
configure:1574: found /usr/bin/g++
configure:1584: result: g++
configure:1600: checking for C++ compiler version
configure:1603: g++ --version </dev/null >&5
3.0.4
configure:1606: $? = 0
configure:1608: g++ -v </dev/null >&5
Reading specs from /usr/lib/gcc-lib/i386-redhat-linux/3.0.4/specs
Configured with: ../configure --prefix=/usr --mandir=/usr/share/man --infodir=/usr/share/info --enable-shared --enable-threads=posix --disable-checking --host=i386-redhat-linux --with-system-zlib
Thread model: posix
gcc version 3.0.4 (Red Hat Linux 7.2 3.0.4-1)
configure:1611: $? = 0
configure:1613: g++ -V </dev/null >&5
g++: argument to `-V' missing

configure:1616: $? = 1
configure:1642: checking for C++ compiler default output
configure:1645: g++    conftest.cc  >&5
configure:1648: $? = 0
configure:1681: result: a.out
configure:1686: checking whether the C++ compiler works
configure:1692: ./a.out
configure:1695: $? = 0
configure:1710: result: yes
configure:1717: checking whether we are cross compiling
configure:1719: result: no
configure:1722: checking for suffix of executables
configure:1724: g++ -o conftest    conftest.cc  >&5
configure:1727: $? = 0
configure:1749: result: 
configure:1755: checking for suffix of object files
configure:1779: g++ -c   conftest.cc >&5
configure:1782: $? = 0
configure:1801: result: o
configure:1805: checking whether we are using the GNU C++ compiler
configure:1832: g++ -c   conftest.cc >&5
configure:1835: $? = 0
configure:1838: test -s conftest.o
configure:1841: $? = 0
configure:1853: result: yes
configure:1859: checking whether g++ accepts -g
configure:1883: g++ -c -g  conftest.cc >&5
configure:1886: $? = 0
configure:1889: test -s conftest.o
configure:1892: $? = 0
configure:1902: result: yes
configure:1948: g++ -c -g -O2  conftest.cc >&5
configure:1951: $? = 0
configure:1954: test -s conftest.o
configure:1957: $? = 0
configure:1985: g++ -c -g -O2  conftest.cc >&5
configure: In function `int main()':
configure:1977: `exit' undeclared (first use this function)
configure:1977: (Each undeclared identifier is reported only once for each 
   function it appears in.)
configure:1988: $? = 1
configure: failed program was:
#line 1966 "configure"
#include "confdefs.h"

#ifdef F77_DUMMY_MAIN
#  ifdef __cplusplus
     extern "C"
#  endif
   int F77_DUMMY_MAIN() { return 1; }
#endif
int
main ()
{
exit (42);
  ;
  return 0;
}
configure:1948: g++ -c -g -O2  conftest.cc >&5
configure:1951: $? = 0
configure:1954: test -s conftest.o
configure:1957: $? = 0
configure:1985: g++ -c -g -O2  conftest.cc >&5
configure:1988: $? = 0
configure:1991: test -s conftest.o
configure:1994: $? = 0
configure:2062: checking for gcc
configure:2078: found /usr/bin/gcc
configure:2088: result: gcc
configure:2332: checking for C compiler version
configure:2335: gcc --version </dev/null >&5
3.0.4
configure:2338: $? = 0
configure:2340: gcc -v </dev/null >&5
Reading specs from /usr/lib/gcc-lib/i386-redhat-linux/3.0.4/specs
Configured with: ../configure --prefix=/usr --mandir=/usr/share/man --infodir=/usr/share/info --enable-shared --enable-threads=posix --disable-checking --host=i386-redhat-linux --with-system-zlib
Thread model: posix
gcc version 3.0.4 (Red Hat Linux 7.2 3.0.4-1)
configure:2343: $? = 0
configure:2345: gcc -V </dev/null >&5
gcc: argument to `-V' is missing
configure:2348: $? = 1
configure:2351: checking whether we are using the GNU C compiler
configure:2378: gcc -c   conftest.c >&5
configure:2381: $? = 0
configure:2384: test -s conftest.o
configure:2387: $? = 0
configure:2399: result: yes
configure:2405: checking whether gcc accepts -g
configure:2429: gcc -c -g  conftest.c >&5
configure:2432: $? = 0
configure:2435: test -s conftest.o
configure:2438: $? = 0
configure:2448: result: yes
configure:2475: gcc -c -g -O2  conftest.c >&5
conftest.c:2: parse error before "me"
configure:2478: $? = 1
configure: failed program was:
#ifndef __cplusplus
  choke me
#endif
configure:2600: checking for a BSD-compatible install
configure:2654: result: /usr/bin/install -c
configure:2669: checking for gawk
configure:2685: found /bin/gawk
configure:2695: result: gawk
configure:2719: checking how to run the C preprocessor
configure:2745: gcc -E  conftest.c
configure:2751: $? = 0
configure:2778: gcc -E  conftest.c
configure:2774:28: ac_nonexistent.h: No such file or directory
configure:2784: $? = 1
configure: failed program was:
#line 2773 "configure"
#include "confdefs.h"
#include <ac_nonexistent.h>
configure:2821: result: gcc -E
configure:2836: gcc -E  conftest.c
configure:2842: $? = 0
configure:2869: gcc -E  conftest.c
configure:2865:28: ac_nonexistent.h: No such file or directory
configure:2875: $? = 1
configure: failed program was:
#line 2864 "configure"
#include "confdefs.h"
#include <ac_nonexistent.h>
configure:2915: checking for ANSI C header files
configure:2929: gcc -E  conftest.c
configure:2935: $? = 0
configure:3020: gcc -o conftest -g -O2   conftest.c  >&5
configure:3023: $? = 0
configure:3025: ./conftest
configure:3028: $? = 0
configure:3042: result: yes
configure:3066: checking for sys/types.h
configure:3079: gcc -c -g -O2  conftest.c >&5
configure:3082: $? = 0
configure:3085: test -s conftest.o
configure:3088: $? = 0
configure:3098: result: yes
configure:3066: checking for sys/stat.h
configure:3079: gcc -c -g -O2  conftest.c >&5
configure:3082: $? = 0
configure:3085: test -s conftest.o
configure:3088: $? = 0
configure:3098: result: yes
configure:3066: checking for stdlib.h
configure:3079: gcc -c -g -O2  conftest.c >&5
configure:3082: $? = 0
configure:3085: test -s conftest.o
configure:3088: $? = 0
configure:3098: result: yes
configure:3066: checking for string.h
configure:3079: gcc -c -g -O2  conftest.c >&5
configure:3082: $? = 0
configure:3085: test -s conftest.o
configure:3088: $? = 0
configure:3098: result: yes
configure:3066: checking for memory.h
configure:3079: gcc -c -g -O2  conftest.c >&5
configure:3082: $? = 0
configure:3085: test -s conftest.o
configure:3088: $? = 0
configure:3098: result: yes
configure:3066: checking for strings.h
configure:3079: gcc -c -g -O2  conftest.c >&5
configure:3082: $? = 0
configure:3085: test -s conftest.o
configure:3088: $? = 0
configure:3098: result: yes
configure:3066: checking for inttypes.h
configure:3079: gcc -c -g -O2  conftest.c >&5
configure:3082: $? = 0
configure:3085: test -s conftest.o
configure:3088: $? = 0
configure:3098: result: yes
configure:3066: checking for stdint.h
configure:3079: gcc -c -g -O2  conftest.c >&5
configure:3082: $? = 0
configure:3085: test -s conftest.o
configure:3088: $? = 0
configure:3098: result: yes
configure:3066: checking for unistd.h
configure:3079: gcc -c -g -O2  conftest.c >&5
configure:3082: $? = 0
configure:3085: test -s conftest.o
configure:3088: $? = 0
configure:3098: result: yes
configure:3138: checking arpa/inet.h usability
configure:3147: gcc -c -g -O2  conftest.c >&5
configure:3150: $? = 0
configure:3153: test -s conftest.o
configure:3156: $? = 0
configure:3165: result: yes
configure:3169: checking arpa/inet.h presence
configure:3176: gcc -E  conftest.c
configure:3182: $? = 0
configure:3200: result: yes
configure:3218: checking for arpa/inet.h
configure:3225: result: yes
configure:3138: checking fcntl.h usability
configure:3147: gcc -c -g -O2  conftest.c >&5
configure:3150: $? = 0
configure:3153: test -s conftest.o
configure:3156: $? = 0
configure:3165: result: yes
configure:3169: checking fcntl.h presence
configure:3176: gcc -E  conftest.c
configure:3182: $? = 0
configure:3200: result: yes
configure:3218: checking for fcntl.h
configure:3225: result: yes
configure:3138: checking limits.h usability
configure:3147: gcc -c -g -O2  conftest.c >&5
configure:3150: $? = 0
configure:3153: test -s conftest.o
configure:3156: $? = 0
configure:3165: result: yes
configure:3169: checking limits.h presence
configure:3176: gcc -E  conftest.c
configure:3182: $? = 0
configure:3200: result: yes
configure:3218: checking for limits.h
configure:3225: result: yes
configure:3138: checking locale.h usability
configure:3147: gcc -c -g -O2  conftest.c >&5
configure:3150: $? = 0
configure:3153: test -s conftest.o
configure:3156: $? = 0
configure:3165: result: yes
configure:3169: checking locale.h presence
configure:3176: gcc -E  conftest.c
configure:3182: $? = 0
configure:3200: result: yes
configure:3218: checking for locale.h
configure:3225: result: yes
configure:3138: checking malloc.h usability
configure:3147: gcc -c -g -O2  conftest.c >&5
configure:3150: $? = 0
configure:3153: test -s conftest.o
configure:3156: $? = 0
configure:3165: result: yes
configure:3169: checking malloc.h presence
configure:3176: gcc -E  conftest.c
configure:3182: $? = 0
configure:3200: result: yes
configure:3218: checking for malloc.h
configure:3225: result: yes
configure:3138: checking netdb.h usability
configure:3147: gcc -c -g -O2  conftest.c >&5
configure:3150: $? = 0
configure:3153: test -s conftest.o
configure:3156: $? = 0
configure:3165: result: yes
configure:3169: checking netdb.h presence
configure:3176: gcc -E  conftest.c
configure:3182: $? = 0
configure:3200: result: yes
configure:3218: checking for netdb.h
configure:3225: result: yes
configure:3138: checking netinet/in.h usability
configure:3147: gcc -c -g -O2  conftest.c >&5
configure:3150: $? = 0
configure:3153: test -s conftest.o
configure:3156: $? = 0
configure:3165: result: yes
configure:3169: checking netinet/in.h presence
configure:3176: gcc -E  conftest.c
configure:3182: $? = 0
configure:3200: result: yes
configure:3218: checking for netinet/in.h
configure:3225: result: yes
configure:3138: checking stddef.h usability
configure:3147: gcc -c -g -O2  conftest.c >&5
configure:3150: $? = 0
configure:3153: test -s conftest.o
configure:3156: $? = 0
configure:3165: result: yes
configure:3169: checking stddef.h presence
configure:3176: gcc -E  conftest.c
configure:3182: $? = 0
configure:3200: result: yes
configure:3218: checking for stddef.h
configure:3225: result: yes
configure:3129: checking for stdlib.h
configure:3134: result: yes
configure:3129: checking for string.h
configure:3134: result: yes
configure:3138: checking sys/ioctl.h usability
configure:3147: gcc -c -g -O2  conftest.c >&5
configure:3150: $? = 0
configure:3153: test -s conftest.o
configure:3156: $? = 0
configure:3165: result: yes
configure:3169: checking sys/ioctl.h presence
configure:3176: gcc -E  conftest.c
configure:3182: $? = 0
configure:3200: result: yes
configure:3218: checking for sys/ioctl.h
configure:3225: result: yes
configure:3138: checking sys/socket.h usability
configure:3147: gcc -c -g -O2  conftest.c >&5
configure:3150: $? = 0
configure:3153: test -s conftest.o
configure:3156: $? = 0
configure:3165: result: yes
configure:3169: checking sys/socket.h presence
configure:3176: gcc -E  conftest.c
configure:3182: $? = 0
configure:3200: result: yes
configure:3218: checking for sys/socket.h
configure:3225: result: yes
configure:3138: checking sys/time.h usability
configure:3147: gcc -c -g -O2  conftest.c >&5
configure:3150: $? = 0
configure:3153: test -s conftest.o
configure:3156: $? = 0
configure:3165: result: yes
configure:3169: checking sys/time.h presence
configure:3176: gcc -E  conftest.c
configure:3182: $? = 0
configure:3200: result: yes
configure:3218: checking for sys/time.h
configure:3225: result: yes
configure:3129: checking for unistd.h
configure:3134: result: yes
configure:3138: checking wchar.h usability
configure:3147: gcc -c -g -O2  conftest.c >&5
configure:3150: $? = 0
configure:3153: test -s conftest.o
configure:3156: $? = 0
configure:3165: result: yes
configure:3169: checking wchar.h presence
configure:3176: gcc -E  conftest.c
configure:3182: $? = 0
configure:3200: result: yes
configure:3218: checking for wchar.h
configure:3225: result: yes
configure:3240: checking for gcc option to accept ANSI C
configure:3303: gcc  -c -g -O2  conftest.c >&5
configure:3306: $? = 0
configure:3309: test -s conftest.o
configure:3312: $? = 0
configure:3329: result: none needed
configure:3337: checking for an ANSI C-conforming const
configure:3407: gcc -c -g -O2  conftest.c >&5
configure:3410: $? = 0
configure:3413: test -s conftest.o
configure:3416: $? = 0
configure:3426: result: yes
configure:3436: checking for inline
configure:3453: gcc -c -g -O2  conftest.c >&5
configure:3456: $? = 0
configure:3459: test -s conftest.o
configure:3462: $? = 0
configure:3473: result: inline
configure:3488: checking for off_t
configure:3515: gcc -c -g -O2  conftest.c >&5
configure:3518: $? = 0
configure:3521: test -s conftest.o
configure:3524: $? = 0
configure:3534: result: yes
configure:3546: checking for size_t
configure:3573: gcc -c -g -O2  conftest.c >&5
configure:3576: $? = 0
configure:3579: test -s conftest.o
configure:3582: $? = 0
configure:3592: result: yes
configure:3604: checking whether time.h and sys/time.h may both be included
configure:3632: gcc -c -g -O2  conftest.c >&5
configure:3635: $? = 0
configure:3638: test -s conftest.o
configure:3641: $? = 0
configure:3651: result: yes
configure:3661: checking whether struct tm is in sys/time.h or time.h
configure:3687: gcc -c -g -O2  conftest.c >&5
configure:3690: $? = 0
configure:3693: test -s conftest.o
configure:3696: $? = 0
configure:3706: result: time.h
configure:3718: checking for error_at_line
configure:3742: gcc -o conftest -g -O2   conftest.c  >&5
configure:3745: $? = 0
configure:3748: test -s conftest
configure:3751: $? = 0
configure:3761: result: yes
configure:3772: checking for stdlib.h
configure:3777: result: yes
configure:3881: checking for working malloc
configure:3913: gcc -o conftest -g -O2   conftest.c  >&5
configure:3916: $? = 0
configure:3918: ./conftest
configure:3921: $? = 0
configure:3934: result: yes
configure:3944: checking for working memcmp
configure:3995: gcc -o conftest -g -O2   conftest.c  >&5
configure:3998: $? = 0
configure:4000: ./conftest
configure:4003: $? = 0
configure:4016: result: yes
configure:4026: checking for stdlib.h
configure:4031: result: yes
configure:4026: checking for unistd.h
configure:4031: result: yes
configure:4139: checking for getpagesize
configure:4182: gcc -o conftest -g -O2   conftest.c  >&5
configure:4185: $? = 0
configure:4188: test -s conftest
configure:4191: $? = 0
configure:4201: result: yes
configure:4211: checking for working mmap
configure:4350: gcc -o conftest -g -O2   conftest.c  >&5
configure:4353: $? = 0
configure:4355: ./conftest
configure:4358: $? = 0
configure:4371: result: yes
configure:4382: checking return type of signal handlers
configure:4416: gcc -c -g -O2  conftest.c >&5
configure:4419: $? = 0
configure:4422: test -s conftest.o
configure:4425: $? = 0
configure:4435: result: void
configure:4443: checking whether lstat dereferences a symlink specified with a trailing slash
configure:4477: gcc -o conftest -g -O2   conftest.c  >&5
configure:4480: $? = 0
configure:4482: ./conftest
configure:4485: $? = 0
configure:4505: result: yes
configure:4519: checking whether stat accepts an empty string
configure:4547: gcc -o conftest -g -O2   conftest.c  >&5
configure:4550: $? = 0
configure:4552: ./conftest
configure:4555: $? = 1
configure: program exited with status 1
configure: failed program was:
#line 4527 "configure"
#include "confdefs.h"
#include <stdio.h>
#if HAVE_SYS_TYPES_H
# include <sys/types.h>
#endif
#if HAVE_SYS_STAT_H
# include <sys/stat.h>
#endif
#if STDC_HEADERS
# include <stdlib.h>
# include <stddef.h>
#else
# if HAVE_STDLIB_H
#  include <stdlib.h>
# endif
#endif
#if HAVE_STRING_H
# if !STDC_HEADERS && HAVE_MEMORY_H
#  include <memory.h>
# endif
# include <string.h>
#endif
#if HAVE_STRINGS_H
# include <strings.h>
#endif
#if HAVE_INTTYPES_H
# include <inttypes.h>
#else
# if HAVE_STDINT_H
#  include <stdint.h>
# endif
#endif
#if HAVE_UNISTD_H
# include <unistd.h>
#endif
#ifdef F77_DUMMY_MAIN
#  ifdef __cplusplus
     extern "C"
#  endif
   int F77_DUMMY_MAIN() { return 1; }
#endif
int
main ()
{
struct stat sbuf;
  exit (stat ("", &sbuf) ? 1 : 0);
  ;
  return 0;
}
configure:4568: result: no
configure:4583: checking for strftime
configure:4626: gcc -o conftest -g -O2   conftest.c  >&5
configure:4629: $? = 0
configure:4632: test -s conftest
configure:4635: $? = 0
configure:4645: result: yes
configure:4720: checking for working strtod
configure:4760: gcc -o conftest -g -O2   conftest.c  >&5
configure:4763: $? = 0
configure:4765: ./conftest
configure:4768: $? = 0
configure:4781: result: yes
configure:4921: checking for vprintf
configure:4964: gcc -o conftest -g -O2   conftest.c  >&5
configure:4967: $? = 0
configure:4970: test -s conftest
configure:4973: $? = 0
configure:4983: result: yes
configure:4990: checking for _doprnt
configure:5033: gcc -o conftest -g -O2   conftest.c  >&5
/tmp/cc8un8pP.o: In function `main':
/root/c-smile/configure:5023: undefined reference to `_doprnt'
collect2: ld returned 1 exit status
configure:5036: $? = 1
configure: failed program was:
#line 4995 "configure"
#include "confdefs.h"
/* System header to define __stub macros and hopefully few prototypes,
    which can conflict with char _doprnt (); below.  */
#include <assert.h>
/* Override any gcc2 internal prototype to avoid an error.  */
#ifdef __cplusplus
extern "C"
#endif
/* We use char because int might match the return type of a gcc2
   builtin and then its argument prototype would still apply.  */
char _doprnt ();
char (*f) ();

#ifdef F77_DUMMY_MAIN
#  ifdef __cplusplus
     extern "C"
#  endif
   int F77_DUMMY_MAIN() { return 1; }
#endif
int
main ()
{
/* The GNU C library defines this for functions which it implements
    to always fail with ENOSYS.  Some functions are actually named
    something starting with __ and the normal name is an alias.  */
#if defined (__stub__doprnt) || defined (__stub____doprnt)
choke me
#else
f = _doprnt;
#endif

  ;
  return 0;
}
configure:5052: result: no
configure:5095: checking for ftruncate
configure:5138: gcc -o conftest -g -O2   conftest.c  >&5
configure:5141: $? = 0
configure:5144: test -s conftest
configure:5147: $? = 0
configure:5157: result: yes
configure:5095: checking for getcwd
configure:5138: gcc -o conftest -g -O2   conftest.c  >&5
configure:5141: $? = 0
configure:5144: test -s conftest
configure:5147: $? = 0
configure:5157: result: yes
configure:5095: checking for gethostbyaddr
configure:5138: gcc -o conftest -g -O2   conftest.c  >&5
configure:5141: $? = 0
configure:5144: test -s conftest
configure:5147: $? = 0
configure:5157: result: yes
configure:5095: checking for gethostbyname
configure:5138: gcc -o conftest -g -O2   conftest.c  >&5
configure:5141: $? = 0
configure:5144: test -s conftest
configure:5147: $? = 0
configure:5157: result: yes
configure:5095: checking for gethostname
configure:5138: gcc -o conftest -g -O2   conftest.c  >&5
configure:5141: $? = 0
configure:5144: test -s conftest
configure:5147: $? = 0
configure:5157: result: yes
configure:5095: checking for getpagesize
configure:5157: result: yes
configure:5095: checking for gettimeofday
configure:5138: gcc -o conftest -g -O2   conftest.c  >&5
configure:5141: $? = 0
configure:5144: test -s conftest
configure:5147: $? = 0
configure:5157: result: yes
configure:5095: checking for inet_ntoa
configure:5138: gcc -o conftest -g -O2   conftest.c  >&5
configure:5141: $? = 0
configure:5144: test -s conftest
configure:5147: $? = 0
configure:5157: result: yes
configure:5095: checking for memchr
configure:5138: gcc -o conftest -g -O2   conftest.c  >&5
configure:5141: $? = 0
configure:5144: test -s conftest
configure:5147: $? = 0
configure:5157: result: yes
configure:5095: checking for memmove
configure:5138: gcc -o conftest -g -O2   conftest.c  >&5
configure:5141: $? = 0
configure:5144: test -s conftest
configure:5147: $? = 0
configure:5157: result: yes
configure:5095: checking for memset
configure:5138: gcc -o conftest -g -O2   conftest.c  >&5
configure:5110: warning: conflicting types for built-in function `memset'
configure:5141: $? = 0
configure:5144: test -s conftest
configure:5147: $? = 0
configure:5157: result: yes
configure:5095: checking for mkdir
configure:5138: gcc -o conftest -g -O2   conftest.c  >&5
configure:5141: $? = 0
configure:5144: test -s conftest
configure:5147: $? = 0
configure:5157: result: yes
configure:5095: checking for munmap
configure:5138: gcc -o conftest -g -O2   conftest.c  >&5
configure:5141: $? = 0
configure:5144: test -s conftest
configure:5147: $? = 0
configure:5157: result: yes
configure:5095: checking for rmdir
configure:5138: gcc -o conftest -g -O2   conftest.c  >&5
configure:5141: $? = 0
configure:5144: test -s conftest
configure:5147: $? = 0
configure:5157: result: yes
configure:5095: checking for select
configure:5138: gcc -o conftest -g -O2   conftest.c  >&5
configure:5141: $? = 0
configure:5144: test -s conftest
configure:5147: $? = 0
configure:5157: result: yes
configure:5095: checking for setlocale
configure:5138: gcc -o conftest -g -O2   conftest.c  >&5
configure:5141: $? = 0
configure:5144: test -s conftest
configure:5147: $? = 0
configure:5157: result: yes
configure:5095: checking for socket
configure:5138: gcc -o conftest -g -O2   conftest.c  >&5
configure:5141: $? = 0
configure:5144: test -s conftest
configure:5147: $? = 0
configure:5157: result: yes
configure:5095: checking for strchr
configure:5138: gcc -o conftest -g -O2   conftest.c  >&5
configure:5110: warning: conflicting types for built-in function `strchr'
configure:5141: $? = 0
configure:5144: test -s conftest
configure:5147: $? = 0
configure:5157: result: yes
configure:5095: checking for strcspn
configure:5138: gcc -o conftest -g -O2   conftest.c  >&5
configure:5110: warning: conflicting types for built-in function `strcspn'
configure:5141: $? = 0
configure:5144: test -s conftest
configure:5147: $? = 0
configure:5157: result: yes
configure:5095: checking for strdup
configure:5138: gcc -o conftest -g -O2   conftest.c  >&5
configure:5141: $? = 0
configure:5144: test -s conftest
configure:5147: $? = 0
configure:5157: result: yes
configure:5095: checking for strerror
configure:5138: gcc -o conftest -g -O2   conftest.c  >&5
configure:5141: $? = 0
configure:5144: test -s conftest
configure:5147: $? = 0
configure:5157: result: yes
configure:5095: checking for strspn
configure:5138: gcc -o conftest -g -O2   conftest.c  >&5
configure:5110: warning: conflicting types for built-in function `strspn'
configure:5141: $? = 0
configure:5144: test -s conftest
configure:5147: $? = 0
configure:5157: result: yes
configure:5095: checking for strstr
configure:5138: gcc -o conftest -g -O2   conftest.c  >&5
configure:5110: warning: conflicting types for built-in function `strstr'
configure:5141: $? = 0
configure:5144: test -s conftest
configure:5147: $? = 0
configure:5157: result: yes
configure:5095: checking for strtol
configure:5138: gcc -o conftest -g -O2   conftest.c  >&5
configure:5141: $? = 0
configure:5144: test -s conftest
configure:5147: $? = 0
configure:5157: result: yes
configure:5095: checking for strtoul
configure:5138: gcc -o conftest -g -O2   conftest.c  >&5
configure:5141: $? = 0
configure:5144: test -s conftest
configure:5147: $? = 0
configure:5157: result: yes
configure:5095: checking for uname
configure:5138: gcc -o conftest -g -O2   conftest.c  >&5
configure:5141: $? = 0
configure:5144: test -s conftest
configure:5147: $? = 0
configure:5157: result: yes
configure:5250: creating ./config.status

## ---------------------- ##
## Running config.status. ##
## ---------------------- ##

This file was extended by c-smile config.status 1.0.0, which was
generated by GNU Autoconf 2.53.  Invocation command line was

  CONFIG_FILES    = 
  CONFIG_HEADERS  = 
  CONFIG_LINKS    = 
  CONFIG_COMMANDS = 
  $ ./config.status 

on serge.wcom.ca

config.status:592: creating Makefile
config.status:696: creating config.h
config.status:1018: executing default-1 commands

## ---------------- ##
## Cache variables. ##
## ---------------- ##

ac_cv_c_compiler_gnu=yes
ac_cv_c_const=yes
ac_cv_c_inline=inline
ac_cv_cxx_compiler_gnu=yes
ac_cv_env_CC_set=
ac_cv_env_CC_value=
ac_cv_env_CFLAGS_set=
ac_cv_env_CFLAGS_value=
ac_cv_env_CPPFLAGS_set=
ac_cv_env_CPPFLAGS_value=
ac_cv_env_CPP_set=
ac_cv_env_CPP_value=
ac_cv_env_CXXFLAGS_set=
ac_cv_env_CXXFLAGS_value=
ac_cv_env_CXX_set=
ac_cv_env_CXX_value=
ac_cv_env_LDFLAGS_set=
ac_cv_env_LDFLAGS_value=
ac_cv_env_build_alias_set=
ac_cv_env_build_alias_value=
ac_cv_env_host_alias_set=
ac_cv_env_host_alias_value=
ac_cv_env_target_alias_set=
ac_cv_env_target_alias_value=
ac_cv_exeext=
ac_cv_func__doprnt=no
ac_cv_func_ftruncate=yes
ac_cv_func_getcwd=yes
ac_cv_func_gethostbyaddr=yes
ac_cv_func_gethostbyname=yes
ac_cv_func_gethostname=yes
ac_cv_func_getpagesize=yes
ac_cv_func_gettimeofday=yes
ac_cv_func_inet_ntoa=yes
ac_cv_func_lstat_dereferences_slashed_symlink=yes
ac_cv_func_malloc_works=yes
ac_cv_func_memchr=yes
ac_cv_func_memcmp_working=yes
ac_cv_func_memmove=yes
ac_cv_func_memset=yes
ac_cv_func_mkdir=yes
ac_cv_func_mmap_fixed_mapped=yes
ac_cv_func_munmap=yes
ac_cv_func_rmdir=yes
ac_cv_func_select=yes
ac_cv_func_setlocale=yes
ac_cv_func_socket=yes
ac_cv_func_stat_empty_string_bug=no
ac_cv_func_strchr=yes
ac_cv_func_strcspn=yes
ac_cv_func_strdup=yes
ac_cv_func_strerror=yes
ac_cv_func_strftime=yes
ac_cv_func_strspn=yes
ac_cv_func_strstr=yes
ac_cv_func_strtod=yes
ac_cv_func_strtol=yes
ac_cv_func_strtoul=yes
ac_cv_func_uname=yes
ac_cv_func_vprintf=yes
ac_cv_header_arpa_inet_h=yes
ac_cv_header_fcntl_h=yes
ac_cv_header_inttypes_h=yes
ac_cv_header_limits_h=yes
ac_cv_header_locale_h=yes
ac_cv_header_malloc_h=yes
ac_cv_header_memory_h=yes
ac_cv_header_netdb_h=yes
ac_cv_header_netinet_in_h=yes
ac_cv_header_stdc=yes
ac_cv_header_stddef_h=yes
ac_cv_header_stdint_h=yes
ac_cv_header_stdlib_h=yes
ac_cv_header_string_h=yes
ac_cv_header_strings_h=yes
ac_cv_header_sys_ioctl_h=yes
ac_cv_header_sys_socket_h=yes
ac_cv_header_sys_stat_h=yes
ac_cv_header_sys_time_h=yes
ac_cv_header_sys_types_h=yes
ac_cv_header_time=yes
ac_cv_header_unistd_h=yes
ac_cv_header_wchar_h=yes
ac_cv_lib_error_at_line=yes
ac_cv_objext=o
ac_cv_path_install=$'/usr/bin/install -c'
ac_cv_prog_AWK=gawk
ac_cv_prog_CPP=$'gcc -E'
ac_cv_prog_ac_ct_CC=gcc
ac_cv_prog_ac_ct_CXX=g++
ac_cv_prog_cc_g=yes
ac_cv_prog_cc_stdc=
ac_cv_prog_cxx_g=yes
ac_cv_prog_make_make_set=yes
ac_cv_struct_tm=time.h
ac_cv_type_off_t=yes
ac_cv_type_signal=void
ac_cv_type_size_t=yes

## ----------- ##
## confdefs.h. ##
## ----------- ##

#define PACKAGE_NAME "c-smile"
#define PACKAGE_TARNAME "c-smile"
#define PACKAGE_VERSION "1.0.0"
#define PACKAGE_STRING "c-smile 1.0.0"
#define PACKAGE_BUGREPORT "csbugs@deeptown.org "
#define PACKAGE "c-smile"
#define VERSION "1.0.0"
#ifdef __cplusplus
#include <stdlib.h>
#endif
#define STDC_HEADERS 1
#define HAVE_SYS_TYPES_H 1
#define HAVE_SYS_STAT_H 1
#define HAVE_STDLIB_H 1
#define HAVE_STRING_H 1
#define HAVE_MEMORY_H 1
#define HAVE_STRINGS_H 1
#define HAVE_INTTYPES_H 1
#define HAVE_STDINT_H 1
#define HAVE_UNISTD_H 1
#define HAVE_ARPA_INET_H 1
#define HAVE_FCNTL_H 1
#define HAVE_LIMITS_H 1
#define HAVE_LOCALE_H 1
#define HAVE_MALLOC_H 1
#define HAVE_NETDB_H 1
#define HAVE_NETINET_IN_H 1
#define HAVE_STDDEF_H 1
#define HAVE_STDLIB_H 1
#define HAVE_STRING_H 1
#define HAVE_SYS_IOCTL_H 1
#define HAVE_SYS_SOCKET_H 1
#define HAVE_SYS_TIME_H 1
#define HAVE_UNISTD_H 1
#define HAVE_WCHAR_H 1
#define TIME_WITH_SYS_TIME 1
#define HAVE_STDLIB_H 1
#define HAVE_MALLOC 1
#define HAVE_STDLIB_H 1
#define HAVE_UNISTD_H 1
#define HAVE_GETPAGESIZE 1
#define HAVE_MMAP 1
#define RETSIGTYPE void
#define LSTAT_FOLLOWS_SLASHED_SYMLINK 1
#define HAVE_STRFTIME 1
#define HAVE_VPRINTF 1
#define HAVE_FTRUNCATE 1
#define HAVE_GETCWD 1
#define HAVE_GETHOSTBYADDR 1
#define HAVE_GETHOSTBYNAME 1
#define HAVE_GETHOSTNAME 1
#define HAVE_GETPAGESIZE 1
#define HAVE_GETTIMEOFDAY 1
#define HAVE_INET_NTOA 1
#define HAVE_MEMCHR 1
#define HAVE_MEMMOVE 1
#define HAVE_MEMSET 1
#define HAVE_MKDIR 1
#define HAVE_MUNMAP 1
#define HAVE_RMDIR 1
#define HAVE_SELECT 1
#define HAVE_SETLOCALE 1
#define HAVE_SOCKET 1
#define HAVE_STRCHR 1
#define HAVE_STRCSPN 1
#define HAVE_STRDUP 1
#define HAVE_STRERROR 1
#define HAVE_STRSPN 1
#define HAVE_STRSTR 1
#define HAVE_STRTOL 1
#define HAVE_STRTOUL 1
#define HAVE_UNAME 1

configure: exit 0

## ---------------------- ##
## Running config.status. ##
## ---------------------- ##

This file was extended by c-smile config.status 1.0.0, which was
generated by GNU Autoconf 2.53.  Invocation command line was

  CONFIG_FILES    = Makefile
  CONFIG_HEADERS  = 
  CONFIG_LINKS    = 
  CONFIG_COMMANDS = 
  $ ./config.status 

on serge.wcom.ca

config.status:592: creating Makefile
config.status:1018: executing default-1 commands

## ---------------------- ##
## Running config.status. ##
## ---------------------- ##

This file was extended by c-smile config.status 1.0.0, which was
generated by GNU Autoconf 2.53.  Invocation command line was

  CONFIG_FILES    = Makefile
  CONFIG_HEADERS  = 
  CONFIG_LINKS    = 
  CONFIG_COMMANDS = 
  $ ./config.status 

on serge.wcom.ca

config.status:592: creating Makefile
config.status:1018: executing default-1 commands
